I'm sorry, but errors were detected in your script. Please correct the
errors listed below, and try again.


File "game/chapter2a.rpy", line 128: expected menuitem
    if emily.ch1ConversationTopics == True
    ^

Ren'Py Version: Ren'Py 8.2.1.24030407
Thu Apr 18 12:41:45 2024
